findfont: Failed to find font weight medium, now using 400.
findfont: Failed to find font weight medium, now using 400.
findfont: Failed to find font weight medium, now using 400.
findfont: Failed to find font weight medium, now using 400.
findfont: Failed to find font weight medium, now using 400.
findfont: Failed to find font weight medium, now using 400.
findfont: Failed to find font weight medium, now using 400.
findfont: Failed to find font weight medium, now using 400.
findfont: Failed to find font weight medium, now using 400.
findfont: Failed to find font weight medium, now using 400.
findfont: Failed to find font weight medium, now using 400.
findfont: Failed to find font weight medium, now using 400.
findfont: Failed to find font weight medium, now using 400.
findfont: Failed to find font weight medium, now using 400.
findfont: Failed to find font weight medium, now using 400.
findfont: Failed to find font weight medium, now using 400.
findfont: Failed to find font weight medium, now using 400.
findfont: Failed to find font weight medium, now using 400.
findfont: Failed to find font weight medium, now using 400.
findfont: Failed to find font weight medium, now using 400.
findfont: Failed to find font weight medium, now using 400.
findfont: Failed to find font weight medium, now using 400.
findfont: Failed to find font weight medium, now using 400.
findfont: Failed to find font weight medium, now using 400.
findfont: Failed to find font weight medium, now using 400.
findfont: Failed to find font weight medium, now using 400.
s1 geomeans 0.3.34 vs no-BLAS {'np.matmul': 8.192, 'np.tensordot': 7.863, 'np.linalg.multi_dot': 8.108, 'np.linalg.matrix_power': 7.958, 'x @ A': 3.837, 'np.linalg.solve': 1.837, 'np.linalg.inv': 1.612, 'np.linalg.cholesky': 1.571, 'np.linalg.qr': 1.476, 'np.linalg.eigh': 1.537, 'np.linalg.lstsq': 1.382, 'np.linalg.svd': 1.205, 'A @ x': 0.984, 'np.dot': 0.912}
s2 geomeans 0.3.35 vs 0.3.34 {'np.matmul': 1.463, 'np.tensordot': 1.424, 'np.linalg.multi_dot': 1.454, 'np.linalg.matrix_power': 1.466, 'x @ A': 1.677, 'np.linalg.solve': 1.134, 'np.linalg.inv': 1.122, 'np.linalg.cholesky': 1.08, 'np.linalg.qr': 1.364, 'np.linalg.eigh': 1.302, 'np.linalg.lstsq': 1.413, 'np.linalg.svd': 1.403, 'A @ x': 3.435, 'np.dot': 3.296}
s3 geomeans 0.3.35 vs no-BLAS {'np.matmul': 11.984, 'np.tensordot': 11.194, 'np.linalg.multi_dot': 11.79, 'np.linalg.matrix_power': 11.663, 'x @ A': 6.433, 'np.linalg.solve': 2.084, 'np.linalg.inv': 1.808, 'np.linalg.cholesky': 1.696, 'np.linalg.qr': 2.013, 'np.linalg.eigh': 2.001, 'np.linalg.lstsq': 1.954, 'np.linalg.svd': 1.691, 'A @ x': 3.379, 'np.dot': 3.007}
s1 geomeans 0.3.34 vs linux-64 {'np.matmul': 0.246, 'np.tensordot': 0.256, 'np.linalg.multi_dot': 0.249, 'np.linalg.matrix_power': 0.246, 'x @ A': 0.381, 'np.linalg.solve': 0.453, 'np.linalg.inv': 0.419, 'np.linalg.cholesky': 0.463, 'np.linalg.qr': 0.392, 'np.linalg.eigh': 0.425, 'np.linalg.lstsq': 0.466, 'np.linalg.svd': 0.465, 'A @ x': 0.181, 'np.dot': 0.259}
s2 geomeans 0.3.35 vs linux-64 {'np.matmul': 0.36, 'np.tensordot': 0.365, 'np.linalg.multi_dot': 0.363, 'np.linalg.matrix_power': 0.361, 'x @ A': 0.64, 'np.linalg.solve': 0.514, 'np.linalg.inv': 0.47, 'np.linalg.cholesky': 0.499, 'np.linalg.qr': 0.534, 'np.linalg.eigh': 0.554, 'np.linalg.lstsq': 0.658, 'np.linalg.svd': 0.652, 'A @ x': 0.623, 'np.dot': 0.855}
wrote /home/jjerphan/dev/numpy-wasm-openblas-bench/results/blog/s1_geomean_by_api.svg
wrote /home/jjerphan/dev/numpy-wasm-openblas-bench/results/blog/s1_speedup_vs_n.svg
wrote /home/jjerphan/dev/numpy-wasm-openblas-bench/results/blog/s2_geomean_by_api.svg
wrote /home/jjerphan/dev/numpy-wasm-openblas-bench/results/blog/s2_speedup_vs_n.svg
wrote /home/jjerphan/dev/numpy-wasm-openblas-bench/results/blog/s3_geomean_by_api.svg
wrote /home/jjerphan/dev/numpy-wasm-openblas-bench/results/blog/appendix_tables.md
copied /home/jjerphan/dev/OpenBLAS/numpy-wasm-blog/app_s1_speedup_vs_n.svg
copied /home/jjerphan/dev/OpenBLAS/numpy-wasm-blog/s2_geomean_by_api.svg
copied /home/jjerphan/dev/OpenBLAS/numpy-wasm-blog/s2_speedup_vs_n.svg
copied /home/jjerphan/dev/OpenBLAS/numpy-wasm-blog/appendix_tables.md
copied /home/jjerphan/dev/OpenBLAS/numpy-wasm-blog/s3_geomean_by_api.svg
copied /home/jjerphan/dev/OpenBLAS/numpy-wasm-blog/s1_speedup_vs_n.svg
copied /home/jjerphan/dev/OpenBLAS/numpy-wasm-blog/s1_geomean_by_api.svg
copied /home/jjerphan/dev/OpenBLAS/numpy-wasm-blog/app_s2_speedup_vs_n.svg
